[prodesk.in/index.html]
[prodesk.in/assets/images/img_65691e6b25.png]
[prodesk.in/assets/images/img_f324ddea6d.png]
[prodesk.in/assets/images/img_8f834d96d4.png]
[prodesk.in/assets/images/img_c1499c1a7f.png]
[prodesk.in/assets/images/img_6a46d127aa.png]
[backblue.gif]
[fade.gif]
[index.html]
[prodesk.in/assets/images/img_dcecb60b00.png]
[prodesk.in/assets/images/img_01bbbcefa0.png]
[prodesk.in/assets/images/img_d670834cc9.png]
[prodesk.in/assets/images/img_5bd6fc25b7.png]
[prodesk.in/assets/images/img_80fed00d48.png]
[prodesk.in/assets/images/img_2bbf6321fa.png]
[prodesk.in/assets/images/img_ad50fe6102.png]
[prodesk.in/assets/images/img_f25056d4d8.png]
[prodesk.in/home]
[media.gettyimages.com/id/1294886766/video/gettyimages-1294886766-640x6407ae6.jpg]
[prodesk.in/assets/fonts/font_1b2c175fad.woff2]
[prodesk.in/assets/fonts/font_d9bd74d6fc.woff2]
[prodesk.in/assets/fonts/font_d1be2857f0.woff2]
[prodesk.in/assets/fonts/font_a5d1c04376.woff2]
[prodesk.in/assets/fonts/font_a7bf8b3891.woff2]
[prodesk.in/assets/images/img_c501054127.jpg]
[prodesk.in/index-2.html]
[prodesk.in/assets/images/img_11b1956777.png]
[prodesk.in/about-us.html]
[prodesk.in/our-values.html]
[prodesk.in/our-vision.html]
[prodesk.in/who-we-are.html]
[prodesk.in/what-we-do.html]
[prodesk.in/software-development.html]
[prodesk.in/web-development.html]
[prodesk.in/mobile-app-development.html]
[prodesk.in/crm-solutions.html]
[prodesk.in/hrm-software.html]
[prodesk.in/healthcare-systems.html]
[prodesk.in/cloud-services.html]
[prodesk.in/data-analytics.html]
[prodesk.in/ai-machine-learning.html]
[prodesk.in/consulting-it-strategy.html]
[prodesk.in/cybersecurity-services.html]
[prodesk.in/logo-design.html]
[prodesk.in/internet-of-things.html]
[prodesk.in/ai-ml.html]
[prodesk.in/cloud-computing-devops.html]
[prodesk.in/python-backend.html]
[prodesk.in/react-modern-frontend.html]
[prodesk.in/mobile-technologies.html]
[prodesk.in/data-analytics-tech.html]
[prodesk.in/internet-of-things-iot.html]
[prodesk.in/cybersecurity.html]
[prodesk.in/java-enterprise-solutions.html]
[prodesk.in/blockchain-web3.html]
[prodesk.in/automated-testing.html]
[prodesk.in/robotic-automation.html]
[prodesk.in/enterprise-crm-solutions.html]
[prodesk.in/erp-supply-chain.html]
[prodesk.in/ui-ux-design-studio.html]
[prodesk.in/ecommerce-retail.html]
[prodesk.in/it-infrastructure.html]
[prodesk.in/digital-marketing.html]
[prodesk.in/api-integration.html]
[prodesk.in/insights.html]
[prodesk.in/index.html]
[prodesk.in/home.html]
[prodesk.in/index-2.html]
[prodesk.in/about-us.html]
[prodesk.in/our-values.html]
[prodesk.in/our-vision.html]
[prodesk.in/who-we-are-1]
[prodesk.in/who-we-are.html]
[prodesk.in/what-we-do.html]
[prodesk.in/software-development.html]
[prodesk.in/web-development.html]
[prodesk.in/mobile-app-development.html]
[prodesk.in/crm-solutions.html]
[prodesk.in/hrm-software.html]
[prodesk.in/healthcare-systems.html]
[prodesk.in/cloud-services]
[prodesk.in/cloud-services.html]
[prodesk.in/data-analytics.html]
[prodesk.in/ai-&-machine-learning]
[prodesk.in/ai-machine-learning.html]
[prodesk.in/consulting-it-strategy.html]
[prodesk.in/cybersecurity-services.html]
[prodesk.in/logo-design]
[prodesk.in/logo-design.html]
[prodesk.in/internet-of-things-iot-1]
[prodesk.in/internet-of-things.html]
[prodesk.in/ai-&-ml]
[prodesk.in/ai-ml.html]
[prodesk.in/cloud-computing-&-devops]
[prodesk.in/cloud-computing-devops.html]
[prodesk.in/python-&-backend]
[prodesk.in/python-backend.html]
[prodesk.in/react-&-modern-frontend]
[prodesk.in/react-modern-frontend.html]
[prodesk.in/mobile-technologies]
[prodesk.in/mobile-technologies.html]
[prodesk.in/data-analytics-1]
[prodesk.in/data-analytics-tech.html]
[prodesk.in/internet-of-things-iot]
[prodesk.in/internet-of-things-iot.html]
[prodesk.in/cybersecurity]
[prodesk.in/cybersecurity.html]
[prodesk.in/java-enterprise-solutions]
[prodesk.in/java-enterprise-solutions.html]
[prodesk.in/blockchain-&-web3]
[prodesk.in/blockchain-web3.html]
[prodesk.in/automated-testing]
[prodesk.in/automated-testing.html]
[prodesk.in/robotic-automation]
[prodesk.in/robotic-automation.html]
[prodesk.in/enterprise-crm-solutions]
[prodesk.in/enterprise-crm-solutions.html]
[prodesk.in/erp-&-supply-chain]
[prodesk.in/erp-supply-chain.html]
[prodesk.in/ui/ux-design-studio]
[prodesk.in/ui-ux-design-studio.html]
[prodesk.in/e-commerce-&-retail]
[prodesk.in/ecommerce-retail.html]
[prodesk.in/it-infrastructure]
[prodesk.in/it-infrastructure.html]
[prodesk.in/digital-marketing]
[prodesk.in/digital-marketing.html]
[prodesk.in/api-integration]
[prodesk.in/api-integration.html]
[prodesk.in/insights.html]
[prodesk.in/success-stories.html]
[prodesk.in/careers.html]
[prodesk.in/contact.html]
[prodesk.in/assets/videos/video_8e102f6ac6.html]
[prodesk.in/assets/images/img_d6d9b6d9f4.html]
[prodesk.in/assets/images/img_37737df04e.html]
[prodesk.in/assets/images/img_59be3804ff.html]
[prodesk.in/assets/images/img_34a4b25290.html]
[prodesk.in/assets/images/img_e08ed3e5d7.html]
[prodesk.in/assets/images/img_e3589d8cfb.html]
[prodesk.in/assets/images/img_084e9bdc26.html]
[prodesk.in/assets/images/img_9c2fee362b.html]
[prodesk.in/assets/images/img_c1a2fe8e1f.html]
[prodesk.in/assets/images/img_8b5c2cf557.html]
[prodesk.in/assets/images/img_84a4f07c5f.html]
[prodesk.in/assets/images/img_84adccd082.html]
[prodesk.in/assets/images/img_cb1bae6f93.html]
[prodesk.in/assets/images/img_08fb8c21e4.html]
[prodesk.in/assets/images/img_23f0a89ffc.html]
[prodesk.in/assets/images/img_e46b5af40d.html]
[prodesk.in/assets/images/img_daabdb8b21.html]
[prodesk.in/assets/images/img_0fc5e2dd63.html]
[prodesk.in/assets/images/img_b4660a403e.html]
[prodesk.in/assets/images/img_1a9302673d.html]
[prodesk.in/assets/images/img_0257083c35.html]
[prodesk.in/assets/images/img_077525dfad.html]
[prodesk.in/assets/images/img_016fed5843.html]
[prodesk.in/assets/images/img_53516331ee.html]
[prodesk.in/assets/images/img_454efcb1e7.html]
[prodesk.in/assets/images/img_8b4b91d7a7.html]
[prodesk.in/assets/images/img_ca54dc7db6.html]
[prodesk.in/assets/js/script_774b8e7b24.html]
[prodesk.in/assets/js/script_3578b1b674.html]
[prodesk.in/assets/js/script_9efa9f904d.html]
[prodesk.in/assets/js/script_d2ea062200.html]
[prodesk.in/assets/images/img_8524535211.html]
[prodesk.in/assets/images/img_5e83d43c5a.html]
[prodesk.in/assets/images/img_1a1af0e13a.html]
[prodesk.in/assets/images/img_804a8fe30e.html]
[prodesk.in/assets/images/img_94f5ba32a6.html]
[prodesk.in/assets/images/img_bb1cae8ef7.html]
[prodesk.in/assets/images/img_84b8f2e5ae.html]
[prodesk.in/assets/images/img_1683f814e6.html]
[prodesk.in/assets/images/img_684b06f664.html]
[prodesk.in/assets/images/img_99803c9030.html]
[prodesk.in/assets/images/img_1ab0827661.html]
[prodesk.in/assets/images/img_713d96b124.html]
[prodesk.in/assets/images/img_f12a34d7ec.html]
[prodesk.in/assets/images/img_dd3c50b59a.html]
[prodesk.in/assets/images/img_cce9dc1497.html]
[prodesk.in/assets/images/img_832d2d3f90.html]
[prodesk.in/assets/images/img_6e4c38640a.html]
[prodesk.in/assets/images/img_1e23d8df7f.html]
[prodesk.in/assets/images/img_7a08ba185b.html]
[prodesk.in/assets/images/img_83f53d455f.html]
[prodesk.in/assets/js/script_c0fb75c7e3.html]
[prodesk.in/assets/js/script_4d495efabf.html]
[prodesk.in/assets/images/img_d2826935bb.html]
[prodesk.in/assets/images/img_1db3d1d014.html]
[prodesk.in/assets/images/img_b413e140cf.html]
[prodesk.in/assets/images/img_68febb1a8d.html]
[prodesk.in/assets/images/img_127a1b1379.html]
[prodesk.in/assets/images/img_b512156e76.html]
[prodesk.in/assets/images/img_b2feea265c.html]
[prodesk.in/assets/images/img_57fd9fa66a.html]
[prodesk.in/assets/images/img_c457165dda.html]
[prodesk.in/assets/images/img_b348dec56f.html]
[prodesk.in/assets/images/img_21abdd3e96.html]
[prodesk.in/assets/images/img_fd97478127.html]
[prodesk.in/assets/images/img_a91d1761a7.html]
[prodesk.in/assets/images/img_a195ac0357.html]
[prodesk.in/assets/images/img_dccecd8704.html]
[prodesk.in/assets/images/img_91f4ab3b9c.html]
[prodesk.in/assets/images/img_7b8add6948.html]
[prodesk.in/assets/images/img_554f538a5b.html]
[prodesk.in/assets/images/img_89794ec6cc.html]
[prodesk.in/assets/js/script_87f75dc335.html]
[prodesk.in/assets/js/script_4554ce0af7.html]
[prodesk.in/assets/images/img_1f541cd94b.html]
[prodesk.in/assets/images/img_363eb6a16b.html]
[prodesk.in/assets/images/img_2e1c874814.html]
[prodesk.in/assets/images/img_f5e883533e.html]
[prodesk.in/assets/images/img_96c13cecba.html]
[prodesk.in/assets/images/img_dfa08b8c85.html]
[prodesk.in/assets/images/img_fae08dbfae.html]
[prodesk.in/assets/images/img_29d7297e2d.html]
[prodesk.in/assets/images/img_6a1d7e25e1.html]
[prodesk.in/assets/images/img_219d99d38b.html]
[prodesk.in/assets/images/img_fd197d901d.html]
[prodesk.in/assets/images/img_cec03cc4f5.html]
[prodesk.in/assets/images/img_b558f3290e.html]
[prodesk.in/assets/images/img_570c91ff6d.html]
[prodesk.in/assets/images/img_8fb0aa8f09.html]
[prodesk.in/assets/images/img_684c69d2d5.html]
[prodesk.in/assets/images/img_a8bd4fe7b4.html]
[prodesk.in/assets/images/img_452b01d79e.html]
[prodesk.in/assets/images/img_7e221c4623.html]
[prodesk.in/assets/js/script_588e325c8c.html]
[prodesk.in/assets/js/script_746a924d8e.html]
[prodesk.in/who-we-are-1.html]
[prodesk.in/assets/images/img_5b8f1fbc28.html]
[prodesk.in/assets/images/img_a75b668f9c.html]
[prodesk.in/assets/images/img_2e3350a8dd.html]
[prodesk.in/assets/images/img_f39b9db54d.html]
[prodesk.in/assets/images/img_147280cfeb.html]
[prodesk.in/assets/images/img_73421ccb07.html]
[prodesk.in/assets/images/img_0682f929ba.html]
[prodesk.in/assets/images/img_8b7d01e0b0.html]
[prodesk.in/assets/images/img_7ba64f2690.html]
[prodesk.in/assets/images/img_8193e649bc.html]
[prodesk.in/assets/images/img_9a7ce1769f.html]
[prodesk.in/assets/images/img_176251388d.html]
[prodesk.in/assets/images/img_9f4314ea10.html]
[prodesk.in/assets/images/img_28353bff2f.html]
[prodesk.in/assets/images/img_3397f75478.html]
[prodesk.in/assets/images/img_baaf95461a.html]
[prodesk.in/assets/images/img_f129de332f.html]
[prodesk.in/assets/images/img_31386ef4a0.html]
[prodesk.in/assets/images/img_d4bde56441.html]
[prodesk.in/assets/js/script_1fc2167c91.html]
[prodesk.in/assets/js/script_2257e6a385.html]
[prodesk.in/assets/images/img_3a4dac74de.html]
[prodesk.in/assets/images/img_40c5c3d585.html]
[prodesk.in/assets/images/img_d0ff0aeda2.html]
[prodesk.in/assets/images/img_07535dc80f.html]
[prodesk.in/assets/images/img_413b97f95d.html]
[prodesk.in/assets/images/img_9d5d1ad367.html]
[prodesk.in/assets/images/img_3e9e818816.html]
[prodesk.in/assets/images/img_4601c36d1f.html]
[prodesk.in/assets/images/img_44b91d06a0.html]
[prodesk.in/assets/images/img_06bf46350f.html]
[prodesk.in/assets/images/img_26d87881a0.html]
[prodesk.in/assets/images/img_c59d282410.html]
[prodesk.in/assets/images/img_e9258b6dbb.html]
[prodesk.in/assets/images/img_0d75332177.html]
[prodesk.in/assets/images/img_df7e99c2bf.html]
[prodesk.in/assets/images/img_a0b0c3374b.html]
[prodesk.in/assets/images/img_1ef7a33b99.html]
[prodesk.in/assets/images/img_fe2427eb1b.html]
[prodesk.in/assets/images/img_c29a6e3a5d.html]
[prodesk.in/assets/js/script_a596c14c26.html]
[prodesk.in/assets/js/script_74ccbfd88f.html]
[prodesk.in/assets/images/img_2ef418f41e.html]
[prodesk.in/assets/images/img_62c992fb42.html]
[prodesk.in/assets/images/img_6344be9ac3.html]
[prodesk.in/assets/images/img_24ee3f34f8.html]
[prodesk.in/assets/images/img_dcf1c68898.html]
[prodesk.in/assets/images/img_537efccb8a.html]
[prodesk.in/assets/images/img_6d9991c511.html]
[prodesk.in/assets/js/script_60edc2f42c.html]
[prodesk.in/assets/js/script_ab5d5494c1.html]
[prodesk.in/assets/images/img_b45bac487d.html]
[prodesk.in/assets/images/img_de13f2fac8.html]
[prodesk.in/assets/images/img_6da0ec71e6.html]
[prodesk.in/assets/images/img_c8ec3cbcfa.html]
[prodesk.in/assets/images/img_0b24356d22.html]
[prodesk.in/assets/images/img_f412928bd5.html]
[prodesk.in/assets/images/img_fe681c2698.html]
[prodesk.in/assets/images/img_342a73b1ed.html]
[prodesk.in/assets/images/img_0eeb447085.html]
[prodesk.in/assets/images/img_a5af4c8618.html]
[prodesk.in/assets/images/img_53b44bbb9f.html]
[prodesk.in/assets/images/img_4a0254be35.html]
[prodesk.in/assets/images/img_246b4abf39.html]
[prodesk.in/assets/images/img_8a57a72598.html]
[prodesk.in/assets/images/img_b555d51318.html]
[prodesk.in/assets/images/img_d9de296ea5.html]
[prodesk.in/assets/images/img_bda77adca9.html]
[prodesk.in/assets/images/img_d31be4705b.html]
[prodesk.in/assets/images/img_2861a06610.html]
[prodesk.in/assets/images/img_130bb9d168.html]
[prodesk.in/assets/images/img_6bca227e04.html]
[prodesk.in/assets/images/img_f634400af3.html]
[prodesk.in/assets/images/img_f21c4fb458.html]
[prodesk.in/assets/images/img_c704b499c3.html]
[prodesk.in/assets/images/img_70950ef3bd.html]
[prodesk.in/assets/js/script_c1dc2a17a7.html]
[prodesk.in/assets/js/script_80d60f2f2e.html]
[prodesk.in/assets/images/img_45cc74bcdc.html]
[prodesk.in/assets/images/img_baf58c8f7b.html]
[prodesk.in/assets/images/img_f08a76c1e5.html]
[prodesk.in/assets/images/img_68a0e554d3.html]
[prodesk.in/assets/images/img_4ac44038f1.html]
[prodesk.in/assets/images/img_ed64316deb.html]
[prodesk.in/assets/images/img_f4c3e2bfef.html]
[prodesk.in/assets/images/img_03a60970ce.html]
[prodesk.in/assets/images/img_633d01f79a.html]
[prodesk.in/assets/images/img_089e6f66c8.html]
[prodesk.in/assets/images/img_5d88ae8c3f.html]
[prodesk.in/assets/images/img_f14eba04bb.html]
[prodesk.in/assets/images/img_6654a4f165.html]
[prodesk.in/assets/images/img_af948505cb.html]
[prodesk.in/assets/images/img_e50a0899d2.html]
[prodesk.in/assets/images/img_f51cdc3b94.html]
[prodesk.in/assets/images/img_99724ff1db.html]
[prodesk.in/assets/images/img_cdb773ebb4.html]
[prodesk.in/assets/images/img_cb6a87744d.html]
[prodesk.in/assets/images/img_1b00b98b11.html]
[prodesk.in/assets/images/img_1c0af4eb15.html]
[prodesk.in/assets/images/img_bcd110035a.html]
[prodesk.in/assets/images/img_879f925ffd.html]
[prodesk.in/assets/images/img_b0a4b9fa01.html]
[prodesk.in/assets/js/script_ea859a6bfb.html]
[prodesk.in/assets/js/script_95ff5168a1.html]
[prodesk.in/assets/images/img_23673da425.html]
[prodesk.in/assets/js/script_338d073285.html]
[prodesk.in/assets/js/script_bc53be8288.html]
[prodesk.in/assets/images/img_12ca1e9195.html]
[prodesk.in/assets/js/script_e99af3b80f.html]
[prodesk.in/assets/js/script_a62434555a.html]
[prodesk.in/assets/images/img_3bcadfe55c.html]
[prodesk.in/assets/js/script_9edd7daf8d.html]
[prodesk.in/assets/js/script_dec3285328.html]
[prodesk.in/cloud-services-2.html]
[prodesk.in/assets/images/img_c3859901a8.html]
[prodesk.in/assets/images/img_5585d35690.html]
[prodesk.in/assets/images/img_3c053df429.html]
[prodesk.in/assets/images/img_0aecd8aafc.html]
[prodesk.in/assets/images/img_0706249dfa.html]
[prodesk.in/assets/images/img_e5979e04b5.html]
[prodesk.in/assets/images/img_d479880558.html]
[prodesk.in/assets/images/img_c3ca6426cd.html]
[prodesk.in/assets/images/img_359b37f5cf.html]
[prodesk.in/assets/images/img_c5942f833c.html]
[prodesk.in/assets/images/img_9a1fddf71f.html]
[prodesk.in/assets/images/img_7d44fa5a11.html]
[prodesk.in/assets/images/img_1e8f8df97a.html]
[prodesk.in/assets/images/img_e11c0bef00.html]
[prodesk.in/assets/images/img_1e970cc26c.html]
[prodesk.in/assets/images/img_a28c7adbad.html]
[prodesk.in/assets/images/img_74be66b228.html]
[prodesk.in/assets/images/img_a41bdf0eff.html]
[prodesk.in/assets/images/img_7a9f6b10b8.html]
[prodesk.in/assets/js/script_d2d8c145cf.html]
[prodesk.in/assets/js/script_7ca9ac8bac.html]
[prodesk.in/assets/images/img_94349e938f.html]
[prodesk.in/assets/images/img_134c318ab3.html]
[prodesk.in/assets/images/img_2931a85652.html]
[prodesk.in/assets/images/img_5e66853e70.html]
[prodesk.in/assets/images/img_c27c007da5.html]
[prodesk.in/assets/images/img_2b7d8fb370.html]
[prodesk.in/assets/images/img_759d43bddd.html]
[prodesk.in/assets/images/img_58de135fc3.html]
[prodesk.in/assets/images/img_120d382093.html]
[prodesk.in/assets/images/img_19f377496c.html]
[prodesk.in/assets/images/img_4c2d93afdc.html]
[prodesk.in/assets/images/img_c9d25eb808.html]
[prodesk.in/assets/images/img_2f1936417b.html]
[prodesk.in/assets/images/img_eeb68a63be.html]
[prodesk.in/assets/images/img_9e5e83c3e0.html]
[prodesk.in/assets/images/img_e6140e2627.html]
[prodesk.in/assets/images/img_fbe7eff66f.html]
[prodesk.in/assets/images/img_875aaad607.html]
[prodesk.in/assets/images/img_cce277fcf9.html]
[prodesk.in/assets/js/script_dc5aeedc5e.html]
[prodesk.in/assets/js/script_3e628f1ee8.html]
[prodesk.in/ai-&-machine-learning.html]
[prodesk.in/assets/images/img_e2fd3e2557.html]
[prodesk.in/assets/images/img_c11cda8ffa.html]
[prodesk.in/assets/images/img_86cc6414fd.html]
[prodesk.in/assets/images/img_a15a003360.html]
[prodesk.in/assets/images/img_2cd823a732.html]
[prodesk.in/assets/images/img_4ae7cd2072.html]
[prodesk.in/assets/images/img_afd05887d2.html]
[prodesk.in/assets/images/img_86422dde94.html]
[prodesk.in/assets/images/img_df71f13b16.html]
[prodesk.in/assets/images/img_ed545d07e6.html]
[prodesk.in/assets/images/img_9f0801af7d.html]
[prodesk.in/assets/images/img_52bea4ba4a.html]
[prodesk.in/assets/images/img_46408525b9.html]
[prodesk.in/assets/images/img_41362874e6.html]
[prodesk.in/assets/images/img_4cfdf76bf8.html]
[prodesk.in/assets/images/img_a30de96e32.html]
[prodesk.in/assets/images/img_ebdd44863f.html]
[prodesk.in/assets/images/img_e5a84dc629.html]
[prodesk.in/assets/images/img_ba98c82261.html]
[prodesk.in/assets/js/script_f892aa0757.html]
[prodesk.in/assets/js/script_87eee0bbf5.html]
[prodesk.in/assets/images/img_6dcdb53610.html]
[prodesk.in/assets/images/img_3827c75c4b.html]
[prodesk.in/assets/images/img_60e73d24c3.html]
[prodesk.in/assets/images/img_0c58145e5e.html]
[prodesk.in/assets/images/img_8ba2637dba.html]
[prodesk.in/assets/images/img_51d85df864.html]
[prodesk.in/assets/images/img_026f0562d3.html]
[prodesk.in/assets/images/img_602c8f7bf8.html]
[prodesk.in/assets/images/img_c343ba96bd.html]
[prodesk.in/assets/images/img_bbfefaed7b.html]
[prodesk.in/assets/images/img_5dd9ba22a4.html]
[prodesk.in/assets/images/img_ca7ab814b7.html]
[prodesk.in/assets/images/img_8a2a3cf91c.html]
[prodesk.in/assets/images/img_f09da8e59f.html]
[prodesk.in/assets/images/img_080d5e04bc.html]
[prodesk.in/assets/images/img_30f63f848f.html]
[prodesk.in/assets/images/img_e2ce1ef366.html]
[prodesk.in/assets/images/img_83c672373c.html]
[prodesk.in/assets/images/img_6504d5bded.html]
[prodesk.in/assets/js/script_9eff907f09.html]
[prodesk.in/assets/js/script_e0fd89326a.html]
[prodesk.in/assets/images/img_a96425068b.html]
[prodesk.in/assets/images/img_c38b676f90.html]
[prodesk.in/assets/images/img_f24e512bc9.html]
[prodesk.in/assets/images/img_8bf1debfd4.html]
[prodesk.in/assets/images/img_2cdf905765.html]
[prodesk.in/assets/images/img_fc2471a921.html]
[prodesk.in/assets/images/img_8a77040be1.html]
[prodesk.in/assets/images/img_6f929c6e7f.html]
[prodesk.in/assets/images/img_3c779c7b62.html]
[prodesk.in/assets/images/img_f093a56721.html]
[prodesk.in/assets/images/img_4408733cec.html]
[prodesk.in/assets/images/img_c2b4e083d8.html]
[prodesk.in/assets/images/img_e41a345574.html]
[prodesk.in/assets/images/img_53cd311548.html]
[prodesk.in/assets/images/img_18800a5af4.html]
[prodesk.in/assets/images/img_7254caade3.html]
[prodesk.in/assets/images/img_3e94ec7681.html]
[prodesk.in/assets/images/img_11c27b5319.html]
[prodesk.in/assets/images/img_7345cfd268.html]
[prodesk.in/assets/js/script_e68e8b3bc2.html]
[prodesk.in/assets/js/script_3aaa1078be.html]
[prodesk.in/logo-design-2.html]
[prodesk.in/assets/images/img_ee3272ad1b.html]
[prodesk.in/assets/images/img_e942217ceb.html]
[prodesk.in/assets/images/img_3742b96689.html]
[prodesk.in/assets/images/img_cbf68b1184.html]
[prodesk.in/assets/images/img_7b40e23864.html]
[prodesk.in/assets/images/img_fc219d82c9.html]
[prodesk.in/assets/images/img_60d1a9b722.html]
[prodesk.in/assets/images/img_596d80893a.html]
[prodesk.in/assets/images/img_7b9c2a92ac.html]
[prodesk.in/assets/images/img_2954395e8b.html]
[prodesk.in/assets/images/img_3b3d19e1da.html]
[prodesk.in/assets/images/img_1aa879f8f2.html]
[prodesk.in/assets/images/img_bae3ba1eb2.html]
[prodesk.in/assets/images/img_73ac845e3c.html]
[prodesk.in/assets/images/img_b15f0faffc.html]
[prodesk.in/assets/images/img_46ca6b37f5.html]
[prodesk.in/assets/images/img_52de078504.html]
[prodesk.in/assets/images/img_e3b2a6944b.html]
[prodesk.in/assets/images/img_79f96fd7e0.html]
[prodesk.in/assets/js/script_98534f91cd.html]
[prodesk.in/assets/js/script_513fbe9a9b.html]
[prodesk.in/internet-of-things-iot-1.html]
[prodesk.in/assets/images/img_18f62a3838.html]
[prodesk.in/assets/images/img_93db5a299d.html]
[prodesk.in/assets/images/img_006b5f665b.html]
[prodesk.in/assets/images/img_15e788aeda.html]
[prodesk.in/assets/images/img_90f8cbd7d0.html]
[prodesk.in/assets/images/img_af2389b308.html]
[prodesk.in/assets/images/img_b106507ff5.html]
[prodesk.in/assets/images/img_a3e803651c.html]
[prodesk.in/assets/images/img_0f970e4356.html]
[prodesk.in/assets/images/img_125d87e18d.html]
[prodesk.in/assets/images/img_b7027befc8.html]
[prodesk.in/assets/images/img_a0499ff731.html]
[prodesk.in/assets/images/img_b6d54f34f0.html]
[prodesk.in/assets/images/img_763b95ce1a.html]
[prodesk.in/assets/images/img_88e8bea3c7.html]
[prodesk.in/assets/images/img_039440825f.html]
[prodesk.in/assets/images/img_a0a8272999.html]
[prodesk.in/assets/images/img_cbafc85ed8.html]
[prodesk.in/assets/images/img_acd3711d2d.html]
[prodesk.in/assets/js/script_d2fa4f5878.html]
[prodesk.in/assets/js/script_774ca5956c.html]
[prodesk.in/ai-&-ml.html]
[prodesk.in/assets/images/img_6db9242560.html]
[prodesk.in/assets/images/img_b441cb06f1.html]
[prodesk.in/assets/images/img_7784bd7807.html]
[prodesk.in/assets/images/img_b2b4897867.html]
[prodesk.in/assets/images/img_01ec2e1962.html]
[prodesk.in/assets/images/img_2759aad1c2.html]
[prodesk.in/assets/images/img_921d7527b9.html]
[prodesk.in/assets/images/img_bc966767f3.html]
[prodesk.in/assets/images/img_2895cc592e.html]
[prodesk.in/assets/images/img_1197367fe4.html]
[prodesk.in/assets/images/img_b138f06d29.html]
[prodesk.in/assets/images/img_cea3acbedb.html]
[prodesk.in/assets/images/img_6f006793a7.html]
[prodesk.in/assets/images/img_4da42829ae.html]
[prodesk.in/assets/images/img_7120878fba.html]
[prodesk.in/assets/images/img_3fca701a07.html]
[prodesk.in/assets/images/img_8b2d120d9f.html]
[prodesk.in/assets/images/img_4160667a92.html]
[prodesk.in/assets/images/img_7e22fc3534.html]
[prodesk.in/assets/js/script_db352332bb.html]
[prodesk.in/assets/js/script_8a7e9f4073.html]
[prodesk.in/cloud-computing-&-devops.html]
[prodesk.in/assets/js/script_4c0905bb35.html]
[prodesk.in/assets/js/script_49a4618875.html]
[prodesk.in/python-&-backend.html]
[prodesk.in/assets/images/img_f8996a67fc.html]
[prodesk.in/assets/images/img_56b368db71.html]
[prodesk.in/assets/images/img_cb8aa5d281.html]
[prodesk.in/assets/images/img_a440360bd3.html]
[prodesk.in/assets/images/img_0fd5b841ae.html]
[prodesk.in/assets/images/img_82ea5e706c.html]
[prodesk.in/assets/images/img_3e48ceaf76.html]
[prodesk.in/assets/images/img_266183276e.html]
[prodesk.in/assets/images/img_29b02b48c0.html]
[prodesk.in/assets/images/img_246b834208.html]
[prodesk.in/assets/images/img_44aef39d6e.html]
[prodesk.in/assets/images/img_624ded5558.html]
[prodesk.in/assets/images/img_ed1c242b27.html]
[prodesk.in/assets/images/img_45337baab0.html]
[prodesk.in/assets/images/img_30e716e2b5.html]
[prodesk.in/assets/images/img_ea2aa1ec50.html]
[prodesk.in/assets/images/img_d9f2a6bc1d.html]
[prodesk.in/assets/images/img_5b71055171.html]
[prodesk.in/assets/images/img_bbcb8027e9.html]
[prodesk.in/assets/js/script_b74a041c1e.html]
[prodesk.in/assets/js/script_6abab5fa88.html]
[prodesk.in/react-&-modern-frontend.html]
[prodesk.in/assets/images/img_9b0045284a.html]
[prodesk.in/assets/images/img_9586b8bc46.html]
[prodesk.in/assets/images/img_fc6321be99.html]
[prodesk.in/assets/images/img_33e9538951.html]
[prodesk.in/assets/images/img_339add53f6.html]
[prodesk.in/assets/images/img_adfedcce87.html]
[prodesk.in/assets/images/img_c383dce89a.html]
[prodesk.in/assets/images/img_2a339047c6.html]
[prodesk.in/assets/images/img_a265774e64.html]
[prodesk.in/assets/images/img_979f160cbe.html]
[prodesk.in/assets/images/img_23965ca9ce.html]
[prodesk.in/assets/images/img_6e08986f9c.html]
[prodesk.in/assets/images/img_cedbea4c3a.html]
[prodesk.in/assets/images/img_d3bd53fbf3.html]
[prodesk.in/assets/images/img_cb483b8ee1.html]
[prodesk.in/assets/images/img_9014c90c33.html]
[prodesk.in/assets/images/img_3e4b451a26.html]
[prodesk.in/assets/images/img_18836542b1.html]
[prodesk.in/assets/images/img_99490136df.html]
[prodesk.in/assets/js/script_b2fc2306a4.html]
[prodesk.in/assets/js/script_4eacbef3db.html]
[prodesk.in/mobile-technologies-2.html]
[prodesk.in/assets/images/img_73a7e36fa3.html]
[prodesk.in/assets/images/img_0476d210e5.html]
[prodesk.in/assets/images/img_6042342134.html]
[prodesk.in/assets/images/img_f3525e3673.html]
[prodesk.in/assets/images/img_32622f2ae8.html]
[prodesk.in/assets/images/img_37e24ef87c.html]
[prodesk.in/assets/images/img_b5dbe3f902.html]
[prodesk.in/assets/images/img_99a1d05701.html]
[prodesk.in/assets/images/img_848006d0b9.html]
[prodesk.in/assets/images/img_92cba28857.html]
[prodesk.in/assets/images/img_19f83428a5.html]
[prodesk.in/assets/images/img_d55f45c135.html]
[prodesk.in/assets/images/img_789f6a5192.html]
[prodesk.in/assets/images/img_c453f08e70.html]
[prodesk.in/assets/images/img_567c8723e0.html]
[prodesk.in/assets/images/img_58c07f8e58.html]
[prodesk.in/assets/images/img_38cdc3e822.html]
[prodesk.in/assets/images/img_89b90fb2b7.html]
[prodesk.in/assets/images/img_d8d6ee44d3.html]
[prodesk.in/assets/js/script_10c22f03e9.html]
[prodesk.in/assets/js/script_4f89346d94.html]
[prodesk.in/data-analytics-1.html]
[prodesk.in/assets/images/img_7b7bc370cf.html]
[prodesk.in/assets/images/img_276091afce.html]
[prodesk.in/assets/images/img_4c835a618c.html]
[prodesk.in/assets/images/img_3e18758160.html]
[prodesk.in/assets/images/img_43efa4c05f.html]
[prodesk.in/assets/images/img_e761b37a79.html]
[prodesk.in/assets/images/img_949320bd6e.html]
[prodesk.in/assets/images/img_9743843a1d.html]
[prodesk.in/assets/images/img_39017c6a03.html]
[prodesk.in/assets/images/img_712510ad09.html]
[prodesk.in/assets/images/img_66e2914767.html]
[prodesk.in/assets/images/img_d52ab41e44.html]
[prodesk.in/assets/images/img_977576a0b8.html]
[prodesk.in/assets/images/img_87460e12d4.html]
[prodesk.in/assets/images/img_6aacd767b3.html]
[prodesk.in/assets/images/img_181eb4be5b.html]
[prodesk.in/assets/images/img_6310bfb95a.html]
[prodesk.in/assets/images/img_5b60e27b88.html]
[prodesk.in/assets/images/img_8f3ca3d0dc.html]
[prodesk.in/assets/js/script_e8aea9a4a2.html]
[prodesk.in/assets/js/script_6e79b24aed.html]
[prodesk.in/internet-of-things-iot-2.html]
[prodesk.in/assets/images/img_4e254a8aee.html]
[prodesk.in/assets/images/img_c3b5541d77.html]
[prodesk.in/assets/images/img_661ca0aaf4.html]
[prodesk.in/assets/images/img_bf6e4a7b1f.html]
[prodesk.in/assets/images/img_7d6e69dced.html]
[prodesk.in/assets/images/img_b47e51b086.html]
[prodesk.in/assets/images/img_a6fc760c4b.html]
[prodesk.in/assets/images/img_c1319bdd87.html]
[prodesk.in/assets/images/img_d7f0285d6c.html]
[prodesk.in/assets/images/img_e6a86d8a24.html]
[prodesk.in/assets/images/img_27bc9b5c95.html]
[prodesk.in/assets/images/img_4e566a7417.html]
[prodesk.in/assets/images/img_808dc40855.html]
[prodesk.in/assets/images/img_72cd2ddc73.html]
[prodesk.in/assets/images/img_6f81a962dd.html]
[prodesk.in/assets/images/img_2dc7a887aa.html]
[prodesk.in/assets/images/img_d35ce28a59.html]
[prodesk.in/assets/images/img_5b89e9f50f.html]
[prodesk.in/assets/images/img_1723948481.html]
[prodesk.in/assets/js/script_8089ca7e12.html]
[prodesk.in/assets/js/script_6e3a40485c.html]
[prodesk.in/cybersecurity-2.html]
[prodesk.in/assets/images/img_b87035e735.html]
[prodesk.in/assets/images/img_2ca71eb6f1.html]
[prodesk.in/assets/images/img_59d316651b.html]
[prodesk.in/assets/images/img_7d8fe20b27.html]
[prodesk.in/assets/images/img_24db9fbffd.html]
[prodesk.in/assets/images/img_879b821168.html]
[prodesk.in/assets/images/img_111594f5cf.html]
[prodesk.in/assets/images/img_8c34c85ea6.html]
[prodesk.in/assets/images/img_2e9174f4cc.html]
[prodesk.in/assets/images/img_940067f5ff.html]
[prodesk.in/assets/images/img_040c8ea938.html]
[prodesk.in/assets/images/img_5f85d45729.html]
[prodesk.in/assets/images/img_402ddb6ed0.html]
[prodesk.in/assets/images/img_9a3c630cdc.html]
[prodesk.in/assets/images/img_2c7875ba50.html]
[prodesk.in/assets/images/img_9f7e06b5a8.html]
[prodesk.in/assets/images/img_a5207ef5bc.html]
[prodesk.in/assets/images/img_cc3a5e0954.html]
[prodesk.in/assets/images/img_9ce9639623.html]
[prodesk.in/assets/js/script_e34d3a2c58.html]
[prodesk.in/assets/js/script_b63ff76d0f.html]
[prodesk.in/java-enterprise-solutions-2.html]
[prodesk.in/assets/images/img_48fad6676a.html]
[prodesk.in/assets/images/img_c57c376d6f.html]
[prodesk.in/assets/images/img_4526831088.html]
[prodesk.in/assets/images/img_7ff5f7cf5a.html]
[prodesk.in/assets/images/img_b9d3c294da.html]
[prodesk.in/assets/images/img_fced5d6600.html]
[prodesk.in/assets/images/img_64765e386a.html]
[prodesk.in/assets/images/img_95f0db4067.html]
[prodesk.in/assets/images/img_71515c812e.html]
[prodesk.in/assets/images/img_7e1bbdeb4f.html]
[prodesk.in/assets/images/img_d4e6246570.html]
[prodesk.in/assets/images/img_e8200dd5cd.html]
[prodesk.in/assets/images/img_5cff519d4e.html]
[prodesk.in/assets/images/img_98a3bb4d3a.html]
[prodesk.in/assets/images/img_49288349ff.html]
[prodesk.in/assets/images/img_725f62b5a8.html]
[prodesk.in/assets/images/img_1e68feec17.html]
[prodesk.in/assets/images/img_a2f2691d1e.html]
[prodesk.in/assets/images/img_527659a361.html]
[prodesk.in/assets/js/script_7e4a2384ca.html]
[prodesk.in/assets/js/script_a907af00d3.html]
[prodesk.in/blockchain-&-web3.html]
[prodesk.in/assets/images/img_b6be7d5520.html]
[prodesk.in/assets/images/img_4c08cc65de.html]
[prodesk.in/assets/images/img_ea0c46c7ae.html]
[prodesk.in/assets/images/img_6b31e0d81f.html]
[prodesk.in/assets/images/img_606d560c17.html]
[prodesk.in/assets/images/img_d73b959d97.html]
[prodesk.in/assets/images/img_920f903c4a.html]
[prodesk.in/assets/images/img_08c90b285a.html]
[prodesk.in/assets/images/img_3ed29d4e16.html]
[prodesk.in/assets/images/img_d2fc5959ad.html]
[prodesk.in/assets/images/img_4062355582.html]
[prodesk.in/assets/images/img_f20fe8f0b6.html]
[prodesk.in/assets/images/img_03814edbf6.html]
[prodesk.in/assets/images/img_50de12ad1f.html]
[prodesk.in/assets/images/img_64aa9ddf4b.html]
[prodesk.in/assets/images/img_677862609c.html]
[prodesk.in/assets/images/img_c2e43ce5ad.html]
[prodesk.in/assets/images/img_65a06be89b.html]
[prodesk.in/assets/images/img_e0227f291f.html]
[prodesk.in/assets/js/script_f32cd8b331.html]
[prodesk.in/assets/js/script_cb49db72b0.html]
[prodesk.in/automated-testing-2.html]
[prodesk.in/assets/images/img_45620dd701.html]
[prodesk.in/assets/images/img_8a7df16659.html]
[prodesk.in/assets/images/img_736d6332a7.html]
[prodesk.in/assets/images/img_8995bdf7b5.html]
[prodesk.in/assets/images/img_802c22060e.html]
[prodesk.in/assets/images/img_e2a2ee9c2c.html]
[prodesk.in/assets/images/img_9201815224.html]
[prodesk.in/assets/images/img_19b2ea8ef2.html]
[prodesk.in/assets/images/img_d9a6537b47.html]
[prodesk.in/assets/images/img_3f98f07858.html]
[prodesk.in/assets/images/img_bda5453806.html]
[prodesk.in/assets/images/img_98d9fa2f83.html]
[prodesk.in/assets/images/img_f2b11e3d63.html]
[prodesk.in/assets/images/img_09e50160ac.html]
[prodesk.in/assets/images/img_da6c558375.html]
[prodesk.in/assets/images/img_e386d3da5f.html]
[prodesk.in/assets/images/img_31302ee223.html]
[prodesk.in/assets/images/img_e4cf4a569a.html]
[prodesk.in/assets/images/img_e10452378e.html]
[prodesk.in/assets/js/script_2678dd9bfd.html]
[prodesk.in/assets/js/script_347841eb9d.html]
[prodesk.in/robotic-automation-2.html]
[prodesk.in/assets/images/img_a8dc7e7898.html]
[prodesk.in/assets/images/img_6e3db2911a.html]
[prodesk.in/assets/images/img_24870038b2.html]
[prodesk.in/assets/images/img_3e63fcf51e.html]
[prodesk.in/assets/images/img_cdb8e92311.html]
[prodesk.in/assets/images/img_ce3c1dca46.html]
[prodesk.in/assets/images/img_2b242fb764.html]
[prodesk.in/assets/images/img_1c42090f3a.html]
[prodesk.in/assets/images/img_62ce3caea7.html]
[prodesk.in/assets/images/img_46af278a79.html]
[prodesk.in/assets/images/img_ad7abdeb6e.html]
[prodesk.in/assets/images/img_5762767e2e.html]
[prodesk.in/assets/images/img_ff412c2c1c.html]
[prodesk.in/assets/images/img_19702d9dd8.html]
[prodesk.in/assets/images/img_ebae0f6285.html]
[prodesk.in/assets/images/img_a0e2031209.html]
[prodesk.in/assets/images/img_64c9bf784f.html]
[prodesk.in/assets/images/img_532190162c.html]
[prodesk.in/assets/images/img_8f8bd3dd0d.html]
[prodesk.in/assets/js/script_26071a3031.html]
[prodesk.in/assets/js/script_711aca3025.html]
[prodesk.in/enterprise-crm-solutions-2.html]
[prodesk.in/assets/images/img_6b2116150e.html]
[prodesk.in/assets/images/img_80a57ccae7.html]
[prodesk.in/assets/images/img_4b8538af5f.html]
[prodesk.in/assets/images/img_b7f855b266.html]
[prodesk.in/assets/images/img_7ad122ea71.html]
[prodesk.in/assets/images/img_5b4ebe550e.html]
[prodesk.in/assets/images/img_bd8fa42a57.html]
[prodesk.in/assets/images/img_e7f37e60bc.html]
[prodesk.in/assets/images/img_d8e2e2ed95.html]
[prodesk.in/assets/images/img_136a69937a.html]
[prodesk.in/assets/images/img_52c714ee9c.html]
[prodesk.in/assets/images/img_086f084e9d.html]
[prodesk.in/assets/images/img_9880889335.html]
[prodesk.in/assets/images/img_805e5d2de8.html]
[prodesk.in/assets/images/img_abf7069683.html]
[prodesk.in/assets/images/img_3d283eb9d5.html]
[prodesk.in/assets/images/img_758a33397f.html]
[prodesk.in/assets/images/img_c8adaff406.html]
[prodesk.in/assets/images/img_fe90b4264a.html]
[prodesk.in/assets/js/script_f3927643d3.html]
[prodesk.in/assets/js/script_325c19a1c2.html]
[prodesk.in/erp-&-supply-chain.html]
[prodesk.in/assets/images/img_45ef5a9577.html]
[prodesk.in/assets/images/img_64f7334daf.html]
[prodesk.in/assets/images/img_c0b1489ce6.html]
[prodesk.in/assets/images/img_a267f02f88.html]
[prodesk.in/assets/images/img_fc77404e69.html]
[prodesk.in/assets/images/img_83931ca8e3.html]
[prodesk.in/assets/images/img_246e661dfc.html]
[prodesk.in/assets/images/img_25c49752b4.html]
[prodesk.in/assets/images/img_71cc781770.html]
[prodesk.in/assets/images/img_3355ec89fb.html]
[prodesk.in/assets/images/img_f0048bb84e.html]
[prodesk.in/assets/images/img_a0ab6a2d23.html]
[prodesk.in/assets/images/img_416dff99f6.html]
[prodesk.in/assets/images/img_b6204943da.html]
[prodesk.in/assets/images/img_6506f9e389.html]
[prodesk.in/assets/images/img_30e4018474.html]
[prodesk.in/assets/images/img_dd68fb75fd.html]
[prodesk.in/assets/images/img_1793d1c900.html]
[prodesk.in/assets/images/img_615cb8fe71.html]
[prodesk.in/assets/js/script_fad19ce6bf.html]
[prodesk.in/assets/js/script_b748f9dc87.html]
[prodesk.in/ui/ux-design-studio.html]
[prodesk.in/assets/js/script_f4626dc8b0.html]
[prodesk.in/assets/js/script_19bb07dc82.html]
[prodesk.in/e-commerce-&-retail.html]
[prodesk.in/assets/images/img_ab85631589.html]
[prodesk.in/assets/images/img_4261b16310.html]
[prodesk.in/assets/images/img_7e5bfd10b9.html]
[prodesk.in/assets/images/img_30e80633ef.html]
[prodesk.in/assets/images/img_0a7a10f17b.html]
[prodesk.in/assets/images/img_18a12afcca.html]
[prodesk.in/assets/images/img_321690c37d.html]
[prodesk.in/assets/images/img_20c3d0d472.html]
[prodesk.in/assets/images/img_574e4dc3d1.html]
[prodesk.in/assets/images/img_e323bf402d.html]
[prodesk.in/assets/images/img_aa92a079c2.html]
[prodesk.in/assets/images/img_92a3c61c3e.html]
[prodesk.in/assets/images/img_6e5fd2df43.html]
[prodesk.in/assets/images/img_5322cf56bb.html]
[prodesk.in/assets/images/img_cb333df493.html]
[prodesk.in/assets/images/img_1818b9a67e.html]
[prodesk.in/assets/images/img_92d00460c4.html]
[prodesk.in/assets/images/img_c69b073098.html]
[prodesk.in/assets/images/img_f72e71365e.html]
[prodesk.in/assets/js/script_7cdc43a218.html]
[prodesk.in/assets/js/script_f487b2388a.html]
[prodesk.in/it-infrastructure-2.html]
[prodesk.in/assets/images/img_bbbc510ea5.html]
[prodesk.in/assets/images/img_d7239b7855.html]
[prodesk.in/assets/images/img_b03335f02a.html]
[prodesk.in/assets/images/img_8750a89f05.html]
[prodesk.in/assets/images/img_6bd3649c30.html]
[prodesk.in/assets/images/img_b7a162b34f.html]
[prodesk.in/assets/images/img_b9ea1631f7.html]
[prodesk.in/assets/images/img_3b8caed6fe.html]
[prodesk.in/assets/images/img_70285b06d3.html]
[prodesk.in/assets/images/img_f9d8e1fba9.html]
[prodesk.in/assets/images/img_3b1a4fd753.html]
[prodesk.in/assets/images/img_ddd0e09519.html]
[prodesk.in/assets/images/img_2982cd7255.html]
[prodesk.in/assets/images/img_8f1a5dc719.html]
[prodesk.in/assets/images/img_98ff1bee5d.html]
[prodesk.in/assets/images/img_08cbdb10c8.html]
[prodesk.in/assets/images/img_f2b2917ac6.html]
[prodesk.in/assets/images/img_5e81f4236c.html]
[prodesk.in/assets/images/img_d29ee98eaf.html]
[prodesk.in/assets/js/script_e9d98a16d4.html]
[prodesk.in/assets/js/script_99451e0cd9.html]
[prodesk.in/digital-marketing-2.html]
[prodesk.in/assets/images/img_1cdc0057ca.html]
[prodesk.in/assets/images/img_922c2f6e27.html]
[prodesk.in/assets/images/img_d16152990d.html]
[prodesk.in/assets/images/img_dd534d80c0.html]
[prodesk.in/assets/images/img_48ac9623e5.html]
[prodesk.in/assets/images/img_043089c93f.html]
[prodesk.in/assets/images/img_6520b0ada6.html]
[prodesk.in/assets/images/img_9ecf657a2f.html]
[prodesk.in/assets/images/img_3d0fffc812.html]
[prodesk.in/assets/images/img_a6f1c910f8.html]
[prodesk.in/assets/images/img_ed93bd3967.html]
[prodesk.in/assets/images/img_86d46eac87.html]
[prodesk.in/assets/images/img_59a8f5263f.html]
[prodesk.in/assets/images/img_eb6b4c61c7.html]
[prodesk.in/assets/images/img_af05e4c42b.html]
[prodesk.in/assets/images/img_d59a6b585e.html]
[prodesk.in/assets/images/img_2aeba9797c.html]
[prodesk.in/assets/images/img_2f90bb77ef.html]
[prodesk.in/assets/images/img_c88c2077ef.html]
[prodesk.in/assets/js/script_a956aa8dfa.html]
[prodesk.in/assets/js/script_8ea084ea3e.html]
[prodesk.in/api-integration-2.html]
[prodesk.in/assets/images/img_6940930695.html]
[prodesk.in/assets/images/img_efae20ac76.html]
[prodesk.in/assets/images/img_60e1429010.html]
[prodesk.in/assets/images/img_9078740065.html]
[prodesk.in/assets/images/img_a30f73bb49.html]
[prodesk.in/assets/images/img_9ce25c17b1.html]
[prodesk.in/assets/images/img_cff4e07dfc.html]
[prodesk.in/assets/images/img_bdcf6ed6ba.html]
[prodesk.in/assets/images/img_c5e0f51d5c.html]
[prodesk.in/assets/images/img_510f4d991f.html]
[prodesk.in/assets/images/img_b24082648b.html]
[prodesk.in/assets/images/img_2d72a5c47d.html]
[prodesk.in/assets/images/img_63bfe8ea6b.html]
[prodesk.in/assets/images/img_01ead12841.html]
[prodesk.in/assets/images/img_ecf4a0d597.html]
[prodesk.in/assets/images/img_71e6b6230b.html]
[prodesk.in/assets/images/img_b8a2c4449b.html]
[prodesk.in/assets/images/img_5975a08172.html]
[prodesk.in/assets/images/img_511c817f11.html]
[prodesk.in/assets/js/script_1840c19554.html]
[prodesk.in/assets/js/script_c5e18aea9c.html]
[prodesk.in/assets/images/img_ba1a267bc1.html]
[prodesk.in/assets/images/img_07334a5462.html]
[prodesk.in/assets/images/img_58d419edea.html]
[prodesk.in/assets/images/img_e404cc2b7a.html]
[prodesk.in/assets/images/img_93b0bef024.html]
[prodesk.in/assets/images/img_6a2e834232.html]
[prodesk.in/assets/images/img_a266b5a7c1.html]
[prodesk.in/assets/images/img_5d835992c5.html]
[prodesk.in/assets/images/img_a3745f7ed9.html]
[prodesk.in/assets/images/img_8fa19f1fd7.html]
[prodesk.in/assets/images/img_950be6f883.html]
[prodesk.in/assets/images/img_01ef94162d.html]
[prodesk.in/assets/images/img_d17f6b40f4.html]
[prodesk.in/assets/images/img_6fe896f945.html]
[prodesk.in/assets/images/img_63c804b737.html]
[prodesk.in/assets/images/img_ba8edc82f3.html]
[prodesk.in/assets/images/img_33f67a529f.html]
[prodesk.in/assets/images/img_e622311885.html]
[prodesk.in/assets/images/img_98df58ad3b.html]
[prodesk.in/assets/images/img_3dd4c7d647.html]
[prodesk.in/assets/images/img_7025ccd8f9.html]
[prodesk.in/assets/images/img_d925bfc37f.html]
[prodesk.in/assets/images/img_3b49c92f63.html]
[prodesk.in/assets/images/img_c8f709ad63.html]
[prodesk.in/assets/images/img_c0b57df0b9.html]
[prodesk.in/assets/images/img_7c61faf6eb.html]
[prodesk.in/assets/images/img_90296871af.html]
[prodesk.in/assets/images/img_3b4d31124d.html]
[prodesk.in/assets/images/img_4b700932be.html]
[prodesk.in/assets/js/script_bb3f68992d.html]
[prodesk.in/assets/js/script_6f3d119cc2.html]
